// Jest Snapshot v1, https://goo.gl/fbAQLP

exports[`Filter component contains tickets 1`] = `
<div
  className="filter-wrapper"
>
  <div
    className="filter-currency-wrapper"
  >
    <span
      className="currency-label"
    >
      Валюта
    </span>
    <div
      className="currens-selectors"
    >
      <button
        className="selected"
        onClick={[Function]}
        type="button"
      >
        <span
          className="currency"
        >
          RUB
        </span>
      </button>
      <button
        className="general"
        onClick={[Function]}
        type="button"
      >
        <span
          className="currency"
        >
          USD
        </span>
      </button>
      <button
        className="general"
        onClick={[Function]}
        type="button"
      >
        <span
          className="currency"
        >
          EUR
        </span>
      </button>
    </div>
  </div>
  <div
    className="filter-transfer-wrapper"
  >
    <span
      className="transfer-label"
    >
      Количество пересадок
    </span>
    <div
      className="transfer-selectors"
    >
      <div
        className="transfer-checkbox"
      >
        <label
          className="MuiFormControlLabel-root-4"
        >
          <span
            className="MuiButtonBase-root-24 MuiIconButton-root-18 MuiPrivateSwitchBase-root-14 MuiCheckbox-root-8 FilterTransfer-root-1 MuiCheckbox-colorSecondary-13 MuiPrivateSwitchBase-checked-15 MuiCheckbox-checked-9 FilterTransfer-checked-2"
            onBlur={[Function]}
            onFocus={[Function]}
            onKeyDown={[Function]}
            onKeyUp={[Function]}
            onMouseDown={[Function]}
            onMouseLeave={[Function]}
            onMouseUp={[Function]}
            onTouchEnd={[Function]}
            onTouchMove={[Function]}
            onTouchStart={[Function]}
            tabIndex={null}
          >
            <span
              className="MuiIconButton-label-23"
            >
              <svg
                aria-hidden="true"
                className="MuiSvgIcon-root-27"
                focusable="false"
                role="presentation"
                viewBox="0 0 24 24"
              >
                <path
                  d="M19 3H5c-1.11 0-2 .9-2 2v14c0 1.1.89 2 2 2h14c1.11 0 2-.9 2-2V5c0-1.1-.89-2-2-2zm-9 14l-5-5 1.41-1.41L10 14.17l7.59-7.59L19 8l-9 9z"
                />
              </svg>
              <input
                checked={true}
                className="MuiPrivateSwitchBase-input-17"
                data-indeterminate={false}
                onChange={[Function]}
                type="checkbox"
              />
            </span>
            <span
              className="MuiTouchRipple-root-71"
            />
          </span>
          <span
            className="MuiTypography-root-36 MuiTypography-body1-45 MuiFormControlLabel-label-7"
          >
            <span
              className="input-label"
            >
              Все
            </span>
          </span>
        </label>
      </div>
      <div
        className="transfer-checkbox"
      >
        <label
          className="MuiFormControlLabel-root-4"
        >
          <span
            className="MuiButtonBase-root-24 MuiIconButton-root-18 MuiPrivateSwitchBase-root-14 MuiCheckbox-root-8 FilterTransfer-root-1 MuiCheckbox-colorSecondary-13"
            onBlur={[Function]}
            onFocus={[Function]}
            onKeyDown={[Function]}
            onKeyUp={[Function]}
            onMouseDown={[Function]}
            onMouseLeave={[Function]}
            onMouseUp={[Function]}
            onTouchEnd={[Function]}
            onTouchMove={[Function]}
            onTouchStart={[Function]}
            tabIndex={null}
          >
            <span
              className="MuiIconButton-label-23"
            >
              <svg
                aria-hidden="true"
                className="MuiSvgIcon-root-27"
                focusable="false"
                role="presentation"
                viewBox="0 0 24 24"
              >
                <path
                  d="M19 5v14H5V5h14m0-2H5c-1.1 0-2 .9-2 2v14c0 1.1.9 2 2 2h14c1.1 0 2-.9 2-2V5c0-1.1-.9-2-2-2z"
                />
              </svg>
              <input
                checked={false}
                className="MuiPrivateSwitchBase-input-17"
                data-indeterminate={false}
                onChange={[Function]}
                type="checkbox"
              />
            </span>
            <span
              className="MuiTouchRipple-root-71"
            />
          </span>
          <span
            className="MuiTypography-root-36 MuiTypography-body1-45 MuiFormControlLabel-label-7"
          >
            <span
              className="input-label"
            >
              Без пересадок
            </span>
          </span>
        </label>
        <button
          className="only-that-button"
          onClick={[Function]}
          type="button"
        >
          ТОЛЬКО
        </button>
      </div>
      <div
        className="transfer-checkbox"
      >
        <label
          className="MuiFormControlLabel-root-4"
        >
          <span
            className="MuiButtonBase-root-24 MuiIconButton-root-18 MuiPrivateSwitchBase-root-14 MuiCheckbox-root-8 FilterTransfer-root-1 MuiCheckbox-colorSecondary-13"
            onBlur={[Function]}
            onFocus={[Function]}
            onKeyDown={[Function]}
            onKeyUp={[Function]}
            onMouseDown={[Function]}
            onMouseLeave={[Function]}
            onMouseUp={[Function]}
            onTouchEnd={[Function]}
            onTouchMove={[Function]}
            onTouchStart={[Function]}
            tabIndex={null}
          >
            <span
              className="MuiIconButton-label-23"
            >
              <svg
                aria-hidden="true"
                className="MuiSvgIcon-root-27"
                focusable="false"
                role="presentation"
                viewBox="0 0 24 24"
              >
                <path
                  d="M19 5v14H5V5h14m0-2H5c-1.1 0-2 .9-2 2v14c0 1.1.9 2 2 2h14c1.1 0 2-.9 2-2V5c0-1.1-.9-2-2-2z"
                />
              </svg>
              <input
                checked={false}
                className="MuiPrivateSwitchBase-input-17"
                data-indeterminate={false}
                onChange={[Function]}
                type="checkbox"
              />
            </span>
            <span
              className="MuiTouchRipple-root-71"
            />
          </span>
          <span
            className="MuiTypography-root-36 MuiTypography-body1-45 MuiFormControlLabel-label-7"
          >
            <span
              className="input-label"
            >
              1 пересадка
            </span>
          </span>
        </label>
        <button
          className="only-that-button"
          onClick={[Function]}
          type="button"
        >
          ТОЛЬКО
        </button>
      </div>
      <div
        className="transfer-checkbox"
      >
        <label
          className="MuiFormControlLabel-root-4"
        >
          <span
            className="MuiButtonBase-root-24 MuiIconButton-root-18 MuiPrivateSwitchBase-root-14 MuiCheckbox-root-8 FilterTransfer-root-1 MuiCheckbox-colorSecondary-13"
            onBlur={[Function]}
            onFocus={[Function]}
            onKeyDown={[Function]}
            onKeyUp={[Function]}
            onMouseDown={[Function]}
            onMouseLeave={[Function]}
            onMouseUp={[Function]}
            onTouchEnd={[Function]}
            onTouchMove={[Function]}
            onTouchStart={[Function]}
            tabIndex={null}
          >
            <span
              className="MuiIconButton-label-23"
            >
              <svg
                aria-hidden="true"
                className="MuiSvgIcon-root-27"
                focusable="false"
                role="presentation"
                viewBox="0 0 24 24"
              >
                <path
                  d="M19 5v14H5V5h14m0-2H5c-1.1 0-2 .9-2 2v14c0 1.1.9 2 2 2h14c1.1 0 2-.9 2-2V5c0-1.1-.9-2-2-2z"
                />
              </svg>
              <input
                checked={false}
                className="MuiPrivateSwitchBase-input-17"
                data-indeterminate={false}
                onChange={[Function]}
                type="checkbox"
              />
            </span>
            <span
              className="MuiTouchRipple-root-71"
            />
          </span>
          <span
            className="MuiTypography-root-36 MuiTypography-body1-45 MuiFormControlLabel-label-7"
          >
            <span
              className="input-label"
            >
              2 пересадки
            </span>
          </span>
        </label>
        <button
          className="only-that-button"
          onClick={[Function]}
          type="button"
        >
          ТОЛЬКО
        </button>
      </div>
      <div
        className="transfer-checkbox"
      >
        <label
          className="MuiFormControlLabel-root-4"
        >
          <span
            className="MuiButtonBase-root-24 MuiIconButton-root-18 MuiPrivateSwitchBase-root-14 MuiCheckbox-root-8 FilterTransfer-root-1 MuiCheckbox-colorSecondary-13"
            onBlur={[Function]}
            onFocus={[Function]}
            onKeyDown={[Function]}
            onKeyUp={[Function]}
            onMouseDown={[Function]}
            onMouseLeave={[Function]}
            onMouseUp={[Function]}
            onTouchEnd={[Function]}
            onTouchMove={[Function]}
            onTouchStart={[Function]}
            tabIndex={null}
          >
            <span
              className="MuiIconButton-label-23"
            >
              <svg
                aria-hidden="true"
                className="MuiSvgIcon-root-27"
                focusable="false"
                role="presentation"
                viewBox="0 0 24 24"
              >
                <path
                  d="M19 5v14H5V5h14m0-2H5c-1.1 0-2 .9-2 2v14c0 1.1.9 2 2 2h14c1.1 0 2-.9 2-2V5c0-1.1-.9-2-2-2z"
                />
              </svg>
              <input
                checked={false}
                className="MuiPrivateSwitchBase-input-17"
                data-indeterminate={false}
                onChange={[Function]}
                type="checkbox"
              />
            </span>
            <span
              className="MuiTouchRipple-root-71"
            />
          </span>
          <span
            className="MuiTypography-root-36 MuiTypography-body1-45 MuiFormControlLabel-label-7"
          >
            <span
              className="input-label"
            >
              3 пересадки
            </span>
          </span>
        </label>
        <button
          className="only-that-button"
          onClick={[Function]}
          type="button"
        >
          ТОЛЬКО
        </button>
      </div>
    </div>
  </div>
</div>
`;
