// Jest Snapshot v1, https://goo.gl/fbAQLP

exports[`Tickets container contains tickets 1`] = `
<div
  className="tickets-wrapper"
>
  <div
    className="ticket-wrapper"
  >
    <div
      className="ticket-price"
    >
      <img
        alt="avia-logo"
        src="https://a.icons8.com/aUSOiWgn/DW0mD2/logo.svg"
      />
      <button
        className="buy-ticket-button"
        onClick={[Function]}
        type="button"
      >
        <span
          className="buy-ticket-label"
        >
          Купить
          <br />
          за RUB 12,400
        </span>
      </button>
    </div>
    <div
      className="ticket-details"
    >
      <div
        className="from"
      >
        <span
          className="departure-time"
        >
          16:20
        </span>
        <div
          className="departure-details"
        >
          <span
            className="port"
          >
            VVO, Владивосток
          </span>
          <span
            className="departure-date"
          >
            05 Dec 2018, Wed
          </span>
        </div>
      </div>
      <div
        className="route-line"
      >
        <span
          className="route"
        >
          3 пересадки
        </span>
        <img
          alt="plane"
          className="plane"
          src="https://a.icons8.com/hnhcupih/CIFYqd/ic_airplanemode_active_bl.svg"
        />
      </div>
      <div
        className="to"
      >
        <span
          className="arrival-time"
        >
          22:10
        </span>
        <div
          className="arrival-details"
        >
          <span
            className="port"
          >
            TLV, Тель-Авив
          </span>
          <span
            className="arrival-date"
          >
            05 Dec 2018, Wed
          </span>
        </div>
      </div>
    </div>
  </div>
  <div
    className="ticket-wrapper"
  >
    <div
      className="ticket-price"
    >
      <img
        alt="avia-logo"
        src="https://a.icons8.com/aUSOiWgn/DW0mD2/logo.svg"
      />
      <button
        className="buy-ticket-button"
        onClick={[Function]}
        type="button"
      >
        <span
          className="buy-ticket-label"
        >
          Купить
          <br />
          за RUB 13,100
        </span>
      </button>
    </div>
    <div
      className="ticket-details"
    >
      <div
        className="from"
      >
        <span
          className="departure-time"
        >
          17:20
        </span>
        <div
          className="departure-details"
        >
          <span
            className="port"
          >
            VVO, Владивосток
          </span>
          <span
            className="departure-date"
          >
            05 Dec 2018, Wed
          </span>
        </div>
      </div>
      <div
        className="route-line"
      >
        <span
          className="route"
        >
          1 пересадка
        </span>
        <img
          alt="plane"
          className="plane"
          src="https://a.icons8.com/hnhcupih/CIFYqd/ic_airplanemode_active_bl.svg"
        />
      </div>
      <div
        className="to"
      >
        <span
          className="arrival-time"
        >
          23:50
        </span>
        <div
          className="arrival-details"
        >
          <span
            className="port"
          >
            TLV, Тель-Авив
          </span>
          <span
            className="arrival-date"
          >
            05 Dec 2018, Wed
          </span>
        </div>
      </div>
    </div>
  </div>
  <div
    className="ticket-wrapper"
  >
    <div
      className="ticket-price"
    >
      <img
        alt="avia-logo"
        src="https://a.icons8.com/aUSOiWgn/DW0mD2/logo.svg"
      />
      <button
        className="buy-ticket-button"
        onClick={[Function]}
        type="button"
      >
        <span
          className="buy-ticket-label"
        >
          Купить
          <br />
          за RUB 15,300
        </span>
      </button>
    </div>
    <div
      className="ticket-details"
    >
      <div
        className="from"
      >
        <span
          className="departure-time"
        >
          12:10
        </span>
        <div
          className="departure-details"
        >
          <span
            className="port"
          >
            VVO, Владивосток
          </span>
          <span
            className="departure-date"
          >
            05 Dec 2018, Wed
          </span>
        </div>
      </div>
      <div
        className="route-line"
      >
        <span
          className="route"
        >
          
        </span>
        <img
          alt="plane"
          className="plane"
          src="https://a.icons8.com/hnhcupih/CIFYqd/ic_airplanemode_active_bl.svg"
        />
      </div>
      <div
        className="to"
      >
        <span
          className="arrival-time"
        >
          18:10
        </span>
        <div
          className="arrival-details"
        >
          <span
            className="port"
          >
            TLV, Тель-Авив
          </span>
          <span
            className="arrival-date"
          >
            05 Dec 2018, Wed
          </span>
        </div>
      </div>
    </div>
  </div>
  <div
    className="ticket-wrapper"
  >
    <div
      className="ticket-price"
    >
      <img
        alt="avia-logo"
        src="https://a.icons8.com/aUSOiWgn/DW0mD2/logo.svg"
      />
      <button
        className="buy-ticket-button"
        onClick={[Function]}
        type="button"
      >
        <span
          className="buy-ticket-label"
        >
          Купить
          <br />
          за RUB 11,000
        </span>
      </button>
    </div>
    <div
      className="ticket-details"
    >
      <div
        className="from"
      >
        <span
          className="departure-time"
        >
          17:00
        </span>
        <div
          className="departure-details"
        >
          <span
            className="port"
          >
            VVO, Владивосток
          </span>
          <span
            className="departure-date"
          >
            05 Dec 2018, Wed
          </span>
        </div>
      </div>
      <div
        className="route-line"
      >
        <span
          className="route"
        >
          2 пересадки
        </span>
        <img
          alt="plane"
          className="plane"
          src="https://a.icons8.com/hnhcupih/CIFYqd/ic_airplanemode_active_bl.svg"
        />
      </div>
      <div
        className="to"
      >
        <span
          className="arrival-time"
        >
          23:30
        </span>
        <div
          className="arrival-details"
        >
          <span
            className="port"
          >
            TLV, Тель-Авив
          </span>
          <span
            className="arrival-date"
          >
            05 Dec 2018, Wed
          </span>
        </div>
      </div>
    </div>
  </div>
  <div
    className="ticket-wrapper"
  >
    <div
      className="ticket-price"
    >
      <img
        alt="avia-logo"
        src="https://a.icons8.com/aUSOiWgn/DW0mD2/logo.svg"
      />
      <button
        className="buy-ticket-button"
        onClick={[Function]}
        type="button"
      >
        <span
          className="buy-ticket-label"
        >
          Купить
          <br />
          за RUB 13,400
        </span>
      </button>
    </div>
    <div
      className="ticket-details"
    >
      <div
        className="from"
      >
        <span
          className="departure-time"
        >
          12:10
        </span>
        <div
          className="departure-details"
        >
          <span
            className="port"
          >
            VVO, Владивосток
          </span>
          <span
            className="departure-date"
          >
            05 Dec 2018, Wed
          </span>
        </div>
      </div>
      <div
        className="route-line"
      >
        <span
          className="route"
        >
          3 пересадки
        </span>
        <img
          alt="plane"
          className="plane"
          src="https://a.icons8.com/hnhcupih/CIFYqd/ic_airplanemode_active_bl.svg"
        />
      </div>
      <div
        className="to"
      >
        <span
          className="arrival-time"
        >
          20:15
        </span>
        <div
          className="arrival-details"
        >
          <span
            className="port"
          >
            TLV, Тель-Авив
          </span>
          <span
            className="arrival-date"
          >
            05 Dec 2018, Wed
          </span>
        </div>
      </div>
    </div>
  </div>
  <div
    className="ticket-wrapper"
  >
    <div
      className="ticket-price"
    >
      <img
        alt="avia-logo"
        src="https://a.icons8.com/aUSOiWgn/DW0mD2/logo.svg"
      />
      <button
        className="buy-ticket-button"
        onClick={[Function]}
        type="button"
      >
        <span
          className="buy-ticket-label"
        >
          Купить
          <br />
          за RUB 12,450
        </span>
      </button>
    </div>
    <div
      className="ticket-details"
    >
      <div
        className="from"
      >
        <span
          className="departure-time"
        >
          9:40
        </span>
        <div
          className="departure-details"
        >
          <span
            className="port"
          >
            VVO, Владивосток
          </span>
          <span
            className="departure-date"
          >
            05 Dec 2018, Wed
          </span>
        </div>
      </div>
      <div
        className="route-line"
      >
        <span
          className="route"
        >
          3 пересадки
        </span>
        <img
          alt="plane"
          className="plane"
          src="https://a.icons8.com/hnhcupih/CIFYqd/ic_airplanemode_active_bl.svg"
        />
      </div>
      <div
        className="to"
      >
        <span
          className="arrival-time"
        >
          19:25
        </span>
        <div
          className="arrival-details"
        >
          <span
            className="port"
          >
            TLV, Тель-Авив
          </span>
          <span
            className="arrival-date"
          >
            05 Dec 2018, Wed
          </span>
        </div>
      </div>
    </div>
  </div>
  <div
    className="ticket-wrapper"
  >
    <div
      className="ticket-price"
    >
      <img
        alt="avia-logo"
        src="https://a.icons8.com/aUSOiWgn/DW0mD2/logo.svg"
      />
      <button
        className="buy-ticket-button"
        onClick={[Function]}
        type="button"
      >
        <span
          className="buy-ticket-label"
        >
          Купить
          <br />
          за RUB 13,600
        </span>
      </button>
    </div>
    <div
      className="ticket-details"
    >
      <div
        className="from"
      >
        <span
          className="departure-time"
        >
          17:10
        </span>
        <div
          className="departure-details"
        >
          <span
            className="port"
          >
            VVO, Владивосток
          </span>
          <span
            className="departure-date"
          >
            05 Dec 2018, Wed
          </span>
        </div>
      </div>
      <div
        className="route-line"
      >
        <span
          className="route"
        >
          1 пересадка
        </span>
        <img
          alt="plane"
          className="plane"
          src="https://a.icons8.com/hnhcupih/CIFYqd/ic_airplanemode_active_bl.svg"
        />
      </div>
      <div
        className="to"
      >
        <span
          className="arrival-time"
        >
          23:45
        </span>
        <div
          className="arrival-details"
        >
          <span
            className="port"
          >
            TLV, Тель-Авив
          </span>
          <span
            className="arrival-date"
          >
            05 Dec 2018, Wed
          </span>
        </div>
      </div>
    </div>
  </div>
  <div
    className="ticket-wrapper"
  >
    <div
      className="ticket-price"
    >
      <img
        alt="avia-logo"
        src="https://a.icons8.com/aUSOiWgn/DW0mD2/logo.svg"
      />
      <button
        className="buy-ticket-button"
        onClick={[Function]}
        type="button"
      >
        <span
          className="buy-ticket-label"
        >
          Купить
          <br />
          за RUB 14,250
        </span>
      </button>
    </div>
    <div
      className="ticket-details"
    >
      <div
        className="from"
      >
        <span
          className="departure-time"
        >
          6:10
        </span>
        <div
          className="departure-details"
        >
          <span
            className="port"
          >
            VVO, Владивосток
          </span>
          <span
            className="departure-date"
          >
            05 Dec 2018, Wed
          </span>
        </div>
      </div>
      <div
        className="route-line"
      >
        <span
          className="route"
        >
          
        </span>
        <img
          alt="plane"
          className="plane"
          src="https://a.icons8.com/hnhcupih/CIFYqd/ic_airplanemode_active_bl.svg"
        />
      </div>
      <div
        className="to"
      >
        <span
          className="arrival-time"
        >
          15:25
        </span>
        <div
          className="arrival-details"
        >
          <span
            className="port"
          >
            TLV, Тель-Авив
          </span>
          <span
            className="arrival-date"
          >
            05 Dec 2018, Wed
          </span>
        </div>
      </div>
    </div>
  </div>
  <div
    className="ticket-wrapper"
  >
    <div
      className="ticket-price"
    >
      <img
        alt="avia-logo"
        src="https://a.icons8.com/aUSOiWgn/DW0mD2/logo.svg"
      />
      <button
        className="buy-ticket-button"
        onClick={[Function]}
        type="button"
      >
        <span
          className="buy-ticket-label"
        >
          Купить
          <br />
          за RUB 16,700
        </span>
      </button>
    </div>
    <div
      className="ticket-details"
    >
      <div
        className="from"
      >
        <span
          className="departure-time"
        >
          16:50
        </span>
        <div
          className="departure-details"
        >
          <span
            className="port"
          >
            VVO, Владивосток
          </span>
          <span
            className="departure-date"
          >
            05 Dec 2018, Wed
          </span>
        </div>
      </div>
      <div
        className="route-line"
      >
        <span
          className="route"
        >
          1 пересадка
        </span>
        <img
          alt="plane"
          className="plane"
          src="https://a.icons8.com/hnhcupih/CIFYqd/ic_airplanemode_active_bl.svg"
        />
      </div>
      <div
        className="to"
      >
        <span
          className="arrival-time"
        >
          23:35
        </span>
        <div
          className="arrival-details"
        >
          <span
            className="port"
          >
            TLV, Тель-Авив
          </span>
          <span
            className="arrival-date"
          >
            05 Dec 2018, Wed
          </span>
        </div>
      </div>
    </div>
  </div>
  <div
    className="ticket-wrapper"
  >
    <div
      className="ticket-price"
    >
      <img
        alt="avia-logo"
        src="https://a.icons8.com/aUSOiWgn/DW0mD2/logo.svg"
      />
      <button
        className="buy-ticket-button"
        onClick={[Function]}
        type="button"
      >
        <span
          className="buy-ticket-label"
        >
          Купить
          <br />
          за RUB 17,400
        </span>
      </button>
    </div>
    <div
      className="ticket-details"
    >
      <div
        className="from"
      >
        <span
          className="departure-time"
        >
          6:10
        </span>
        <div
          className="departure-details"
        >
          <span
            className="port"
          >
            VVO, Владивосток
          </span>
          <span
            className="departure-date"
          >
            05 Dec 2018, Wed
          </span>
        </div>
      </div>
      <div
        className="route-line"
      >
        <span
          className="route"
        >
          
        </span>
        <img
          alt="plane"
          className="plane"
          src="https://a.icons8.com/hnhcupih/CIFYqd/ic_airplanemode_active_bl.svg"
        />
      </div>
      <div
        className="to"
      >
        <span
          className="arrival-time"
        >
          16:15
        </span>
        <div
          className="arrival-details"
        >
          <span
            className="port"
          >
            TLV, Тель-Авив
          </span>
          <span
            className="arrival-date"
          >
            05 Dec 2018, Wed
          </span>
        </div>
      </div>
    </div>
  </div>
</div>
`;
